---
source: crates/oxc_formatter/tests/fixtures/mod.rs
---
==================== Input ====================
import { a, b } as ns1 from "./a";

import d, { c } as ns2 from "./b";

import defer { e } as ns3 from "./c";

export { f, g } as ns4 from "./d";

export defer { h } as ns5 from "./e";

import {
  aVeryLongExportedNameNumberOne,
  aVeryLongExportedNameNumberTwo,
  aVeryLongExportedNameNumberThree,
} as ns6 from "./f";

==================== Output ====================
------------------
{ printWidth: 80 }
------------------
import { a, b } as ns1 from "./a";

import d, { c } as ns2 from "./b";

import defer { e } as ns3 from "./c";

export { f, g } as ns4 from "./d";

export defer { h } as ns5 from "./e";

import {
  aVeryLongExportedNameNumberOne,
  aVeryLongExportedNameNumberTwo,
  aVeryLongExportedNameNumberThree,
} as ns6 from "./f";

-------------------
{ printWidth: 100 }
-------------------
import { a, b } as ns1 from "./a";

import d, { c } as ns2 from "./b";

import defer { e } as ns3 from "./c";

export { f, g } as ns4 from "./d";

export defer { h } as ns5 from "./e";

import {
  aVeryLongExportedNameNumberOne,
  aVeryLongExportedNameNumberTwo,
  aVeryLongExportedNameNumberThree,
} as ns6 from "./f";

===================== End =====================
